17:23:58 **** Incremental Build of configuration Debug for project line LED ****
make -j8 all 
arm-none-eabi-gcc "../Core/Src/main.c" -mcpu=cortex-m4 -std=gnu11 -g3 -DDEBUG -DUSE_HAL_DRIVER -DSTM32F401xE -c -I../Core/Inc -I../Drivers/STM32F4xx_HAL_Driver/Inc -I../Drivers/STM32F4xx_HAL_Driver/Inc/Legacy -I../Drivers/CMSIS/Device/ST/STM32F4xx/Include -I../Drivers/CMSIS/Include -O0 -ffunction-sections -fdata-sections -Wall -fstack-usage -MMD -MP -MF"Core/Src/main.d" -MT"Core/Src/main.o" --specs=nano.specs -mfpu=fpv4-sp-d16 -mfloat-abi=hard -mthumb -o "Core/Src/main.o"
arm-none-eabi-gcc -o "line LED.elf" @"objects.list"   -mcpu=cortex-m4 -T"C:\Users\mateu\STM32CubeIDE\workspace\line LED\STM32F401RETX_FLASH.ld" --specs=nosys.specs -Wl,-Map="line LED.map" -Wl,--gc-sections -static --specs=nano.specs -mfpu=fpv4-sp-d16 -mfloat-abi=hard -mthumb -Wl,--start-group -lc -lm -Wl,--end-group
Finished building target: line LED.elf
 
arm-none-eabi-size   line\ LED.elf 
arm-none-eabi-objdump -h -S  line\ LED.elf  > "line LED.list"
arm-none-eabi-objcopy  -O binary  line\ LED.elf  "line LED.bin"
   text	   data	    bss	    dec	    hex	filename
   5840	     20	   1572	   7432	   1d08	line LED.elf
Finished building: default.size.stdout
 
Finished building: line LED.bin
Finished building: line LED.list
 
 
17:24:03 **** Incremental Build of configuration Debug for project line LED ****
make -j8 all 
arm-none-eabi-size   line\ LED.elf 
   text	   data	    bss	    dec	    hex	filename
   5840	     20	   1572	   7432	   1d08	line LED.elf
Finished building: default.size.stdout
 
