16:10:02 **** Incremental Build of configuration Debug for project A988-step_motor ****
make -j8 all 
arm-none-eabi-gcc "../Core/Src/A988.c" -mcpu=cortex-m4 -std=gnu11 -g3 -DDEBUG -DUSE_HAL_DRIVER -DSTM32F401xE -c -I../Core/Inc -I../Drivers/STM32F4xx_HAL_Driver/Inc -I../Drivers/STM32F4xx_HAL_Driver/Inc/Legacy -I../Drivers/CMSIS/Device/ST/STM32F4xx/Include -I../Drivers/CMSIS/Include -O0 -ffunction-sections -fdata-sections -Wall -fstack-usage -MMD -MP -MF"Core/Src/A988.d" -MT"Core/Src/A988.o" --specs=nano.specs -mfpu=fpv4-sp-d16 -mfloat-abi=hard -mthumb -o "Core/Src/A988.o"
arm-none-eabi-gcc "../Core/Src/main.c" -mcpu=cortex-m4 -std=gnu11 -g3 -DDEBUG -DUSE_HAL_DRIVER -DSTM32F401xE -c -I../Core/Inc -I../Drivers/STM32F4xx_HAL_Driver/Inc -I../Drivers/STM32F4xx_HAL_Driver/Inc/Legacy -I../Drivers/CMSIS/Device/ST/STM32F4xx/Include -I../Drivers/CMSIS/Include -O0 -ffunction-sections -fdata-sections -Wall -fstack-usage -MMD -MP -MF"Core/Src/main.d" -MT"Core/Src/main.o" --specs=nano.specs -mfpu=fpv4-sp-d16 -mfloat-abi=hard -mthumb -o "Core/Src/main.o"
arm-none-eabi-gcc -o "A988-step_motor.elf" @"objects.list"   -mcpu=cortex-m4 -T"C:\Users\mateu\STM32CubeIDE\workspace\A988-step_motor\STM32F401RETX_FLASH.ld" --specs=nosys.specs -Wl,-Map="A988-step_motor.map" -Wl,--gc-sections -static --specs=nano.specs -mfpu=fpv4-sp-d16 -mfloat-abi=hard -mthumb -Wl,--start-group -lc -lm -Wl,--end-group
Finished building target: A988-step_motor.elf
 
arm-none-eabi-size   A988-step_motor.elf 
arm-none-eabi-objdump -h -S  A988-step_motor.elf  > "A988-step_motor.list"
arm-none-eabi-objcopy  -O binary  A988-step_motor.elf  "A988-step_motor.bin"
   text	   data	    bss	    dec	    hex	filename
   7660	     24	   1640	   9324	   246c	A988-step_motor.elf
Finished building: default.size.stdout
 
Finished building: A988-step_motor.bin
Finished building: A988-step_motor.list
 
 
16:10:09 **** Incremental Build of configuration Debug for project A988-step_motor ****
make -j8 all 
arm-none-eabi-size   A988-step_motor.elf 
   text	   data	    bss	    dec	    hex	filename
   7660	     24	   1640	   9324	   246c	A988-step_motor.elf
Finished building: default.size.stdout
 
16:12:58 **** Incremental Build of configuration Debug for project A988-step_motor ****
make -j8 all 
arm-none-eabi-size   A988-step_motor.elf 
   text	   data	    bss	    dec	    hex	filename
   7660	     24	   1640	   9324	   246c	A988-step_motor.elf
Finished building: default.size.stdout
 
