20:32:03 **** Incremental Build of configuration Debug for project 7-SEG_Wyswietlacz ****
make -j8 all 
arm-none-eabi-gcc "../Core/Src/seg7.c" -mcpu=cortex-m4 -std=gnu11 -g3 -DDEBUG -DUSE_HAL_DRIVER -DSTM32F401xE -c -I../Core/Inc -I../Drivers/STM32F4xx_HAL_Driver/Inc -I../Drivers/STM32F4xx_HAL_Driver/Inc/Legacy -I../Drivers/CMSIS/Device/ST/STM32F4xx/Include -I../Drivers/CMSIS/Include -O0 -ffunction-sections -fdata-sections -Wall -fstack-usage -MMD -MP -MF"Core/Src/seg7.d" -MT"Core/Src/seg7.o" --specs=nano.specs -mfpu=fpv4-sp-d16 -mfloat-abi=hard -mthumb -o "Core/Src/seg7.o"
arm-none-eabi-gcc -o "7-SEG_Wyswietlacz.elf" @"objects.list"   -mcpu=cortex-m4 -T"C:\Users\mateu\STM32CubeIDE\workspace\7-SEG_Wyswietlacz\STM32F401RETX_FLASH.ld" --specs=nosys.specs -Wl,-Map="7-SEG_Wyswietlacz.map" -Wl,--gc-sections -static --specs=nano.specs -mfpu=fpv4-sp-d16 -mfloat-abi=hard -mthumb -Wl,--start-group -lc -lm -Wl,--end-group
Finished building target: 7-SEG_Wyswietlacz.elf
 
arm-none-eabi-size   7-SEG_Wyswietlacz.elf 
arm-none-eabi-objdump -h -S  7-SEG_Wyswietlacz.elf  > "7-SEG_Wyswietlacz.list"
arm-none-eabi-objcopy  -O binary  7-SEG_Wyswietlacz.elf  "7-SEG_Wyswietlacz.bin"
   text	   data	    bss	    dec	    hex	filename
  12904	     20	   1716	  14640	   3930	7-SEG_Wyswietlacz.elf
Finished building: default.size.stdout
 
Finished building: 7-SEG_Wyswietlacz.bin
 
Finished building: 7-SEG_Wyswietlacz.list
 
20:32:26 **** Incremental Build of configuration Debug for project 7-SEG_Wyswietlacz ****
make -j8 all 
arm-none-eabi-size   7-SEG_Wyswietlacz.elf 
   text	   data	    bss	    dec	    hex	filename
  12904	     20	   1716	  14640	   3930	7-SEG_Wyswietlacz.elf
Finished building: default.size.stdout
 
