16:10:49 **** Incremental Build of configuration Debug for project ESP8266 ****
make -j8 all 
arm-none-eabi-gcc "../Core/Src/ESP8266_HAL.c" -mcpu=cortex-m4 -std=gnu11 -g3 -DDEBUG -DUSE_HAL_DRIVER -DSTM32F401xC -c -I../Core/Inc -I../Drivers/STM32F4xx_HAL_Driver/Inc -I../Drivers/STM32F4xx_HAL_Driver/Inc/Legacy -I../Drivers/CMSIS/Device/ST/STM32F4xx/Include -I../Drivers/CMSIS/Include -O0 -ffunction-sections -fdata-sections -Wall -fstack-usage -MMD -MP -MF"Core/Src/ESP8266_HAL.d" -MT"Core/Src/ESP8266_HAL.o" --specs=nano.specs -mfpu=fpv4-sp-d16 -mfloat-abi=hard -mthumb -o "Core/Src/ESP8266_HAL.o"
arm-none-eabi-gcc -o "ESP8266.elf" @"objects.list"   -mcpu=cortex-m4 -T"C:\Users\mateu\STM32CubeIDE\workspace\ESP8266\STM32F401VCTX_FLASH.ld" --specs=nosys.specs -Wl,-Map="ESP8266.map" -Wl,--gc-sections -static --specs=nano.specs -mfpu=fpv4-sp-d16 -mfloat-abi=hard -mthumb -Wl,--start-group -lc -lm -Wl,--end-group
Finished building target: ESP8266.elf
 
arm-none-eabi-size   ESP8266.elf 
arm-none-eabi-objdump -h -S  ESP8266.elf  > "ESP8266.list"
arm-none-eabi-objcopy  -O binary  ESP8266.elf  "ESP8266.bin"
   text	   data	    bss	    dec	    hex	filename
  14836	    136	   3848	  18820	   4984	ESP8266.elf
Finished building: default.size.stdout
 
Finished building: ESP8266.bin
Finished building: ESP8266.list
 
 
16:10:59 **** Incremental Build of configuration Debug for project ESP8266 ****
make -j8 all 
arm-none-eabi-size   ESP8266.elf 
   text	   data	    bss	    dec	    hex	filename
  14836	    136	   3848	  18820	   4984	ESP8266.elf
Finished building: default.size.stdout
 
