14:08:55 **** Incremental Build of configuration Debug for project interrupt_Receive ****
make -j8 all 
arm-none-eabi-gcc "../Core/Src/main.c" -mcpu=cortex-m4 -std=gnu11 -g3 -DDEBUG -DUSE_HAL_DRIVER -DSTM32F401xE -c -I../Core/Inc -I../Drivers/STM32F4xx_HAL_Driver/Inc -I../Drivers/STM32F4xx_HAL_Driver/Inc/Legacy -I../Drivers/CMSIS/Device/ST/STM32F4xx/Include -I../Drivers/CMSIS/Include -O0 -ffunction-sections -fdata-sections -Wall -fstack-usage -MMD -MP -MF"Core/Src/main.d" -MT"Core/Src/main.o" --specs=nano.specs -mfpu=fpv4-sp-d16 -mfloat-abi=hard -mthumb -o "Core/Src/main.o"
arm-none-eabi-gcc -o "interrupt_Receive.elf" @"objects.list"   -mcpu=cortex-m4 -T"C:\Users\mateu\STM32CubeIDE\workspace\interrupt_Receive\STM32F401RETX_FLASH.ld" --specs=nosys.specs -Wl,-Map="interrupt_Receive.map" -Wl,--gc-sections -static --specs=nano.specs -mfpu=fpv4-sp-d16 -mfloat-abi=hard -mthumb -Wl,--start-group -lc -lm -Wl,--end-group
Finished building target: interrupt_Receive.elf
 
arm-none-eabi-size   interrupt_Receive.elf 
arm-none-eabi-objdump -h -S  interrupt_Receive.elf  > "interrupt_Receive.list"
arm-none-eabi-objcopy  -O binary  interrupt_Receive.elf  "interrupt_Receive.bin"
   text	   data	    bss	    dec	    hex	filename
  10064	     20	   1732	  11816	   2e28	interrupt_Receive.elf
Finished building: default.size.stdout
 
Finished building: interrupt_Receive.bin
Finished building: interrupt_Receive.list
 
 
14:09:03 **** Incremental Build of configuration Debug for project interrupt_Receive ****
make -j8 all 
arm-none-eabi-size   interrupt_Receive.elf 
   text	   data	    bss	    dec	    hex	filename
  10064	     20	   1732	  11816	   2e28	interrupt_Receive.elf
Finished building: default.size.stdout
 
