20:23:50 **** Incremental Build of configuration Debug for project traffic lights ****
make -j8 all 
arm-none-eabi-gcc "../Core/Src/main.c" -mcpu=cortex-m4 -std=gnu11 -g3 -DDEBUG -DUSE_HAL_DRIVER -DSTM32F401xE -c -I../Core/Inc -I../Drivers/STM32F4xx_HAL_Driver/Inc -I../Drivers/STM32F4xx_HAL_Driver/Inc/Legacy -I../Drivers/CMSIS/Device/ST/STM32F4xx/Include -I../Drivers/CMSIS/Include -O0 -ffunction-sections -fdata-sections -Wall -fstack-usage -MMD -MP -MF"Core/Src/main.d" -MT"Core/Src/main.o" --specs=nano.specs -mfpu=fpv4-sp-d16 -mfloat-abi=hard -mthumb -o "Core/Src/main.o"
arm-none-eabi-gcc -o "traffic lights.elf" @"objects.list"   -mcpu=cortex-m4 -T"C:\Users\mateu\STM32CubeIDE\workspace\traffic lights\STM32F401RETX_FLASH.ld" --specs=nosys.specs -Wl,-Map="traffic lights.map" -Wl,--gc-sections -static --specs=nano.specs -mfpu=fpv4-sp-d16 -mfloat-abi=hard -mthumb -Wl,--start-group -lc -lm -Wl,--end-group
Finished building target: traffic lights.elf
 
arm-none-eabi-size   traffic\ lights.elf 
arm-none-eabi-objdump -h -S  traffic\ lights.elf  > "traffic lights.list"
arm-none-eabi-objcopy  -O binary  traffic\ lights.elf  "traffic lights.bin"
   text	   data	    bss	    dec	    hex	filename
   6672	     20	   1572	   8264	   2048	traffic lights.elf
Finished building: default.size.stdout
 
Finished building: traffic lights.bin
Finished building: traffic lights.list
 
 
20:23:55 **** Incremental Build of configuration Debug for project traffic lights ****
make -j8 all 
arm-none-eabi-size   traffic\ lights.elf 
   text	   data	    bss	    dec	    hex	filename
   6672	     20	   1572	   8264	   2048	traffic lights.elf
Finished building: default.size.stdout
 
20:23:56 **** Incremental Build of configuration Debug for project traffic lights ****
make -j8 all 
arm-none-eabi-size   traffic\ lights.elf 
   text	   data	    bss	    dec	    hex	filename
   6672	     20	   1572	   8264	   2048	traffic lights.elf
Finished building: default.size.stdout
 
