Archive member included to satisfy reference by file (symbol)

c:/st/stm32cubeide_1.8.0/stm32cubeide/plugins/com.st.stm32cube.ide.mcu.externaltools.gnu-tools-for-stm32.9-2020-q2-update.win32_2.0.0.202105311346/tools/bin/../lib/gcc/arm-none-eabi/9.3.1/../../../../arm-none-eabi/lib/thumb/v7e-m+fp/hard\libc_nano.a(lib_a-errno.o)
                              ./Core/Src/syscalls.o (__errno)
c:/st/stm32cubeide_1.8.0/stm32cubeide/plugins/com.st.stm32cube.ide.mcu.externaltools.gnu-tools-for-stm32.9-2020-q2-update.win32_2.0.0.202105311346/tools/bin/../lib/gcc/arm-none-eabi/9.3.1/../../../../arm-none-eabi/lib/thumb/v7e-m+fp/hard\libc_nano.a(lib_a-exit.o)
                              c:/st/stm32cubeide_1.8.0/stm32cubeide/plugins/com.st.stm32cube.ide.mcu.externaltools.gnu-tools-for-stm32.9-2020-q2-update.win32_2.0.0.202105311346/tools/bin/../lib/gcc/arm-none-eabi/9.3.1/../../../../arm-none-eabi/lib/thumb/v7e-m+fp/hard/crt0.o (exit)
c:/st/stm32cubeide_1.8.0/stm32cubeide/plugins/com.st.stm32cube.ide.mcu.externaltools.gnu-tools-for-stm32.9-2020-q2-update.win32_2.0.0.202105311346/tools/bin/../lib/gcc/arm-none-eabi/9.3.1/../../../../arm-none-eabi/lib/thumb/v7e-m+fp/hard\libc_nano.a(lib_a-impure.o)
                              c:/st/stm32cubeide_1.8.0/stm32cubeide/plugins/com.st.stm32cube.ide.mcu.externaltools.gnu-tools-for-stm32.9-2020-q2-update.win32_2.0.0.202105311346/tools/bin/../lib/gcc/arm-none-eabi/9.3.1/../../../../arm-none-eabi/lib/thumb/v7e-m+fp/hard\libc_nano.a(lib_a-exit.o) (_global_impure_ptr)
c:/st/stm32cubeide_1.8.0/stm32cubeide/plugins/com.st.stm32cube.ide.mcu.externaltools.gnu-tools-for-stm32.9-2020-q2-update.win32_2.0.0.202105311346/tools/bin/../lib/gcc/arm-none-eabi/9.3.1/../../../../arm-none-eabi/lib/thumb/v7e-m+fp/hard\libc_nano.a(lib_a-init.o)
                              c:/st/stm32cubeide_1.8.0/stm32cubeide/plugins/com.st.stm32cube.ide.mcu.externaltools.gnu-tools-for-stm32.9-2020-q2-update.win32_2.0.0.202105311346/tools/bin/../lib/gcc/arm-none-eabi/9.3.1/../../../../arm-none-eabi/lib/thumb/v7e-m+fp/hard/crt0.o (__libc_init_array)
c:/st/stm32cubeide_1.8.0/stm32cubeide/plugins/com.st.stm32cube.ide.mcu.externaltools.gnu-tools-for-stm32.9-2020-q2-update.win32_2.0.0.202105311346/tools/bin/../lib/gcc/arm-none-eabi/9.3.1/../../../../arm-none-eabi/lib/thumb/v7e-m+fp/hard\libc_nano.a(lib_a-memset.o)
                              c:/st/stm32cubeide_1.8.0/stm32cubeide/plugins/com.st.stm32cube.ide.mcu.externaltools.gnu-tools-for-stm32.9-2020-q2-update.win32_2.0.0.202105311346/tools/bin/../lib/gcc/arm-none-eabi/9.3.1/../../../../arm-none-eabi/lib/thumb/v7e-m+fp/hard/crt0.o (memset)
c:/st/stm32cubeide_1.8.0/stm32cubeide/plugins/com.st.stm32cube.ide.mcu.externaltools.gnu-tools-for-stm32.9-2020-q2-update.win32_2.0.0.202105311346/tools/bin/../lib/gcc/arm-none-eabi/9.3.1/thumb/v7e-m+fp/hard\libgcc.a(_aeabi_uldivmod.o)
                              ./Drivers/STM32F4xx_HAL_Driver/Src/stm32f4xx_hal_rcc.o (__aeabi_uldivmod)
c:/st/stm32cubeide_1.8.0/stm32cubeide/plugins/com.st.stm32cube.ide.mcu.externaltools.gnu-tools-for-stm32.9-2020-q2-update.win32_2.0.0.202105311346/tools/bin/../lib/gcc/arm-none-eabi/9.3.1/thumb/v7e-m+fp/hard\libgcc.a(_udivmoddi4.o)
                              c:/st/stm32cubeide_1.8.0/stm32cubeide/plugins/com.st.stm32cube.ide.mcu.externaltools.gnu-tools-for-stm32.9-2020-q2-update.win32_2.0.0.202105311346/tools/bin/../lib/gcc/arm-none-eabi/9.3.1/thumb/v7e-m+fp/hard\libgcc.a(_aeabi_uldivmod.o) (__udivmoddi4)
c:/st/stm32cubeide_1.8.0/stm32cubeide/plugins/com.st.stm32cube.ide.mcu.externaltools.gnu-tools-for-stm32.9-2020-q2-update.win32_2.0.0.202105311346/tools/bin/../lib/gcc/arm-none-eabi/9.3.1/thumb/v7e-m+fp/hard\libgcc.a(_dvmd_tls.o)
                              c:/st/stm32cubeide_1.8.0/stm32cubeide/plugins/com.st.stm32cube.ide.mcu.externaltools.gnu-tools-for-stm32.9-2020-q2-update.win32_2.0.0.202105311346/tools/bin/../lib/gcc/arm-none-eabi/9.3.1/thumb/v7e-m+fp/hard\libgcc.a(_aeabi_uldivmod.o) (__aeabi_ldiv0)

Allocating common symbols
Common symbol       size              file

uwTick              0x4               ./Drivers/STM32F4xx_HAL_Driver/Src/stm32f4xx_hal.o
pFlash              0x20              ./Drivers/STM32F4xx_HAL_Driver/Src/stm32f4xx_hal_flash.o
htim2               0x48              ./Core/Src/tim.o
huart2              0x44              ./Core/Src/usart.o

Discarded input sections

 .text          0x0000000000000000        0x0 c:/st/stm32cubeide_1.8.0/stm32cubeide/plugins/com.st.stm32cube.ide.mcu.externaltools.gnu-tools-for-stm32.9-2020-q2-update.win32_2.0.0.202105311346/tools/bin/../lib/gcc/arm-none-eabi/9.3.1/thumb/v7e-m+fp/hard/crti.o
 .data          0x0000000000000000        0x0 c:/st/stm32cubeide_1.8.0/stm32cubeide/plugins/com.st.stm32cube.ide.mcu.externaltools.gnu-tools-for-stm32.9-2020-q2-update.win32_2.0.0.202105311346/tools/bin/../lib/gcc/arm-none-eabi/9.3.1/thumb/v7e-m+fp/hard/crti.o
[...]
Memory Configuration

Name             Origin             Length             Attributes
RAM              0x0000000020000000 0x0000000000018000 xrw
FLASH            0x0000000008000000 0x0000000000080000 xr
*default*        0x0000000000000000 0xffffffffffffffff

Linker script and memory map

LOAD c:/st/stm32cubeide_1.8.0/stm32cubeide/plugins/com.st.stm32cube.ide.mcu.externaltools.gnu-tools-for-stm32.9-2020-q2-update.win32_2.0.0.202105311346/tools/bin/../lib/gcc/arm-none-eabi/9.3.1/thumb/v7e-m+fp/hard/crti.o
LOAD c:/st/stm32cubeide_1.8.0/stm32cubeide/plugins/com.st.stm32cube.ide.mcu.externaltools.gnu-tools-for-stm32.9-2020-q2-update.win32_2.0.0.202105311346/tools/bin/../lib/gcc/arm-none-eabi/9.3.1/thumb/v7e-m+fp/hard/crtbegin.o
LOAD c:/st/stm32cubeide_1.8.0/stm32cubeide/plugins/com.st.stm32cube.ide.mcu.externaltools.gnu-tools-for-stm32.9-2020-q2-update.win32_2.0.0.202105311346/tools/bin/../lib/gcc/arm-none-eabi/9.3.1/../../../../arm-none-eabi/lib/thumb/v7e-m+fp/hard/crt0.o
LOAD ./Core/Src/L293D.o
LOAD ./Core/Src/gpio.o
LOAD ./Core/Src/main.o
LOAD ./Core/Src/stm32f4xx_hal_msp.o
LOAD ./Core/Src/stm32f4xx_it.o
LOAD ./Core/Src/syscalls.o
LOAD ./Core/Src/sysmem.o
LOAD ./Core/Src/system_stm32f4xx.o
LOAD ./Core/Src/tim.o
LOAD ./Core/Src/usart.o
LOAD ./Core/Startup/startup_stm32f401retx.o
LOAD ./Drivers/STM32F4xx_HAL_Driver/Src/stm32f4xx_hal.o
LOAD ./Drivers/STM32F4xx_HAL_Driver/Src/stm32f4xx_hal_cortex.o
LOAD ./Drivers/STM32F4xx_HAL_Driver/Src/stm32f4xx_hal_dma.o
LOAD ./Drivers/STM32F4xx_HAL_Driver/Src/stm32f4xx_hal_dma_ex.o
LOAD ./Drivers/STM32F4xx_HAL_Driver/Src/stm32f4xx_hal_exti.o
LOAD ./Drivers/STM32F4xx_HAL_Driver/Src/stm32f4xx_hal_flash.o
LOAD ./Drivers/STM32F4xx_HAL_Driver/Src/stm32f4xx_hal_flash_ex.o
LOAD ./Drivers/STM32F4xx_HAL_Driver/Src/stm32f4xx_hal_flash_ramfunc.o
LOAD ./Drivers/STM32F4xx_HAL_Driver/Src/stm32f4xx_hal_gpio.o
LOAD ./Drivers/STM32F4xx_HAL_Driver/Src/stm32f4xx_hal_pwr.o
LOAD ./Drivers/STM32F4xx_HAL_Driver/Src/stm32f4xx_hal_pwr_ex.o
LOAD ./Drivers/STM32F4xx_HAL_Driver/Src/stm32f4xx_hal_rcc.o
LOAD ./Drivers/STM32F4xx_HAL_Driver/Src/stm32f4xx_hal_rcc_ex.o
LOAD ./Drivers/STM32F4xx_HAL_Driver/Src/stm32f4xx_hal_tim.o
LOAD ./Drivers/STM32F4xx_HAL_Driver/Src/stm32f4xx_hal_tim_ex.o
LOAD ./Drivers/STM32F4xx_HAL_Driver/Src/stm32f4xx_hal_uart.o
START GROUP
LOAD c:/st/stm32cubeide_1.8.0/stm32cubeide/plugins/com.st.stm32cube.ide.mcu.externaltools.gnu-tools-for-stm32.9-2020-q2-update.win32_2.0.0.202105311346/tools/bin/../lib/gcc/arm-none-eabi/9.3.1/../../../../arm-none-eabi/lib/thumb/v7e-m+fp/hard\libc_nano.a
LOAD c:/st/stm32cubeide_1.8.0/stm32cubeide/plugins/com.st.stm32cube.ide.mcu.externaltools.gnu-tools-for-stm32.9-2020-q2-update.win32_2.0.0.202105311346/tools/bin/../lib/gcc/arm-none-eabi/9.3.1/../../../../arm-none-eabi/lib/thumb/v7e-m+fp/hard\libm.a
END GROUP
START GROUP
LOAD c:/st/stm32cubeide_1.8.0/stm32cubeide/plugins/com.st.stm32cube.ide.mcu.externaltools.gnu-tools-for-stm32.9-2020-q2-update.win32_2.0.0.202105311346/tools/bin/../lib/gcc/arm-none-eabi/9.3.1/thumb/v7e-m+fp/hard\libgcc.a
LOAD c:/st/stm32cubeide_1.8.0/stm32cubeide/plugins/com.st.stm32cube.ide.mcu.externaltools.gnu-tools-for-stm32.9-2020-q2-update.win32_2.0.0.202105311346/tools/bin/../lib/gcc/arm-none-eabi/9.3.1/../../../../arm-none-eabi/lib/thumb/v7e-m+fp/hard\libc_nano.a
END GROUP
START GROUP
LOAD c:/st/stm32cubeide_1.8.0/stm32cubeide/plugins/com.st.stm32cube.ide.mcu.externaltools.gnu-tools-for-stm32.9-2020-q2-update.win32_2.0.0.202105311346/tools/bin/../lib/gcc/arm-none-eabi/9.3.1/thumb/v7e-m+fp/hard\libgcc.a
LOAD c:/st/stm32cubeide_1.8.0/stm32cubeide/plugins/com.st.stm32cube.ide.mcu.externaltools.gnu-tools-for-stm32.9-2020-q2-update.win32_2.0.0.202105311346/tools/bin/../lib/gcc/arm-none-eabi/9.3.1/../../../../arm-none-eabi/lib/thumb/v7e-m+fp/hard\libc_nano.a
LOAD c:/st/stm32cubeide_1.8.0/stm32cubeide/plugins/com.st.stm32cube.ide.mcu.externaltools.gnu-tools-for-stm32.9-2020-q2-update.win32_2.0.0.202105311346/tools/bin/../lib/gcc/arm-none-eabi/9.3.1/../../../../arm-none-eabi/lib/thumb/v7e-m+fp/hard\libnosys.a
END GROUP
START GROUP
LOAD c:/st/stm32cubeide_1.8.0/stm32cubeide/plugins/com.st.stm32cube.ide.mcu.externaltools.gnu-tools-for-stm32.9-2020-q2-update.win32_2.0.0.202105311346/tools/bin/../lib/gcc/arm-none-eabi/9.3.1/thumb/v7e-m+fp/hard\libgcc.a
LOAD c:/st/stm32cubeide_1.8.0/stm32cubeide/plugins/com.st.stm32cube.ide.mcu.externaltools.gnu-tools-for-stm32.9-2020-q2-update.win32_2.0.0.202105311346/tools/bin/../lib/gcc/arm-none-eabi/9.3.1/../../../../arm-none-eabi/lib/thumb/v7e-m+fp/hard\libc_nano.a
LOAD c:/st/stm32cubeide_1.8.0/stm32cubeide/plugins/com.st.stm32cube.ide.mcu.externaltools.gnu-tools-for-stm32.9-2020-q2-update.win32_2.0.0.202105311346/tools/bin/../lib/gcc/arm-none-eabi/9.3.1/../../../../arm-none-eabi/lib/thumb/v7e-m+fp/hard\libnosys.a
END GROUP
LOAD c:/st/stm32cubeide_1.8.0/stm32cubeide/plugins/com.st.stm32cube.ide.mcu.externaltools.gnu-tools-for-stm32.9-2020-q2-update.win32_2.0.0.202105311346/tools/bin/../lib/gcc/arm-none-eabi/9.3.1/thumb/v7e-m+fp/hard/crtend.o
LOAD c:/st/stm32cubeide_1.8.0/stm32cubeide/plugins/com.st.stm32cube.ide.mcu.externaltools.gnu-tools-for-stm32.9-2020-q2-update.win32_2.0.0.202105311346/tools/bin/../lib/gcc/arm-none-eabi/9.3.1/thumb/v7e-m+fp/hard/crtn.o
                0x0000000020018000                _estack = (ORIGIN (RAM) + LENGTH (RAM))
                0x0000000000000200                _Min_Heap_Size = 0x200
                0x0000000000000400                _Min_Stack_Size = 0x400

.isr_vector     0x0000000008000000      0x194
                0x0000000008000000                . = ALIGN (0x4)
 *(.isr_vector)
 .isr_vector    0x0000000008000000      0x194 ./Core/Startup/startup_stm32f401retx.o
                0x0000000008000000                g_pfnVectors
                0x0000000008000194                . = ALIGN (0x4)

.text           0x0000000008000194     0x2904
                0x0000000008000194                . = ALIGN (0x4)
 *(.text)
 .text          0x0000000008000194       0x40 c:/st/stm32cubeide_1.8.0/stm32cubeide/plugins/com.st.stm32cube.ide.mcu.externaltools.gnu-tools-for-stm32.9-2020-q2-update.win32_2.0.0.202105311346/tools/bin/../lib/gcc/arm-none-eabi/9.3.1/thumb/v7e-m+fp/hard/crtbegin.o
 .text          0x00000000080001d4       0x30 c:/st/stm32cubeide_1.8.0/stm32cubeide/plugins/com.st.stm32cube.ide.mcu.externaltools.gnu-tools-for-stm32.9-2020-q2-update.win32_2.0.0.202105311346/tools/bin/../lib/gcc/arm-none-eabi/9.3.1/thumb/v7e-m+fp/hard\libgcc.a(_aeabi_uldivmod.o)
                0x00000000080001d4                __aeabi_uldivmod
 .text          0x0000000008000204      0x2c4 c:/st/stm32cubeide_1.8.0/stm32cubeide/plugins/com.st.stm32cube.ide.mcu.externaltools.gnu-tools-for-stm32.9-2020-q2-update.win32_2.0.0.202105311346/tools/bin/../lib/gcc/arm-none-eabi/9.3.1/thumb/v7e-m+fp/hard\libgcc.a(_udivmoddi4.o)
                0x0000000008000204                __udivmoddi4
 .text          0x00000000080004c8        0x4 c:/st/stm32cubeide_1.8.0/stm32cubeide/plugins/com.st.stm32cube.ide.mcu.externaltools.gnu-tools-for-stm32.9-2020-q2-update.win32_2.0.0.202105311346/tools/bin/../lib/gcc/arm-none-eabi/9.3.1/thumb/v7e-m+fp/hard\libgcc.a(_dvmd_tls.o)
                0x00000000080004c8                __aeabi_idiv0
                0x00000000080004c8                __aeabi_ldiv0
 *(.text*)
 .text.L293D_mode_control
                0x00000000080004cc       0x3c ./Core/Src/L293D.o
                0x00000000080004cc                L293D_mode_control
 .text.L293D_set_motorA_direction
                0x0000000008000508       0x3c ./Core/Src/L293D.o
                0x0000000008000508                L293D_set_motorA_direction
 .text.L293D_set_motorA_speed
                0x0000000008000544       0x38 ./Core/Src/L293D.o
                0x0000000008000544                L293D_set_motorA_speed
 .text.L293D_init
                0x000000000800057c       0x28 ./Core/Src/L293D.o
                0x000000000800057c                L293D_init
 .text.MX_GPIO_Init
                0x00000000080005a4       0x88 ./Core/Src/gpio.o
                0x00000000080005a4                MX_GPIO_Init
 .text.main     0x000000000800062c       0xa4 ./Core/Src/main.o
                0x000000000800062c                main
 .text.SystemClock_Config
                0x00000000080006d0       0xd4 ./Core/Src/main.o
                0x00000000080006d0                SystemClock_Config
 .text.Error_Handler
                0x00000000080007a4        0xa ./Core/Src/main.o
                0x00000000080007a4                Error_Handler
 *fill*         0x00000000080007ae        0x2 
 .text.HAL_MspInit
                0x00000000080007b0       0x50 ./Core/Src/stm32f4xx_hal_msp.o
                0x00000000080007b0                HAL_MspInit
 .text.NMI_Handler
                0x0000000008000800        0x6 ./Core/Src/stm32f4xx_it.o
                0x0000000008000800                NMI_Handler
 .text.HardFault_Handler
                0x0000000008000806        0x6 ./Core/Src/stm32f4xx_it.o
                0x0000000008000806                HardFault_Handler
 .text.MemManage_Handler
                0x000000000800080c        0x6 ./Core/Src/stm32f4xx_it.o
                0x000000000800080c                MemManage_Handler
 .text.BusFault_Handler
                0x0000000008000812        0x6 ./Core/Src/stm32f4xx_it.o
                0x0000000008000812                BusFault_Handler
 .text.UsageFault_Handler
                0x0000000008000818        0x6 ./Core/Src/stm32f4xx_it.o
                0x0000000008000818                UsageFault_Handler
 .text.SVC_Handler
                0x000000000800081e        0xe ./Core/Src/stm32f4xx_it.o
                0x000000000800081e                SVC_Handler
 .text.DebugMon_Handler
                0x000000000800082c        0xe ./Core/Src/stm32f4xx_it.o
                0x000000000800082c                DebugMon_Handler
 .text.PendSV_Handler
                0x000000000800083a        0xe ./Core/Src/stm32f4xx_it.o
                0x000000000800083a                PendSV_Handler
 .text.SysTick_Handler
                0x0000000008000848        0xc ./Core/Src/stm32f4xx_it.o
                0x0000000008000848                SysTick_Handler
 .text.SystemInit
                0x0000000008000854       0x24 ./Core/Src/system_stm32f4xx.o
                0x0000000008000854                SystemInit
 .text.MX_TIM2_Init
                0x0000000008000878       0xe8 ./Core/Src/tim.o
                0x0000000008000878                MX_TIM2_Init
 .text.HAL_TIM_Base_MspInit
                0x0000000008000960       0x40 ./Core/Src/tim.o
                0x0000000008000960                HAL_TIM_Base_MspInit
 .text.HAL_TIM_MspPostInit
                0x00000000080009a0       0x70 ./Core/Src/tim.o
                0x00000000080009a0                HAL_TIM_MspPostInit
 .text.MX_USART2_UART_Init
                0x0000000008000a10       0x54 ./Core/Src/usart.o
                0x0000000008000a10                MX_USART2_UART_Init
 .text.HAL_UART_MspInit
                0x0000000008000a64       0x90 ./Core/Src/usart.o
                0x0000000008000a64                HAL_UART_MspInit
 .text.Reset_Handler
                0x0000000008000af4       0x50 ./Core/Startup/startup_stm32f401retx.o
                0x0000000008000af4                Reset_Handler
 .text.Default_Handler
                0x0000000008000b44        0x2 ./Core/Startup/startup_stm32f401retx.o
                0x0000000008000b44                RTC_Alarm_IRQHandler
                0x0000000008000b44                EXTI2_IRQHandler
                0x0000000008000b44                SPI4_IRQHandler
                0x0000000008000b44                TIM1_CC_IRQHandler
                0x0000000008000b44                DMA2_Stream5_IRQHandler
                0x0000000008000b44                DMA1_Stream5_IRQHandler
                0x0000000008000b44                PVD_IRQHandler
                0x0000000008000b44                SDIO_IRQHandler
                0x0000000008000b44                TAMP_STAMP_IRQHandler
                0x0000000008000b44                EXTI3_IRQHandler
                0x0000000008000b44                TIM1_UP_TIM10_IRQHandler
                0x0000000008000b44                I2C3_ER_IRQHandler
                0x0000000008000b44                EXTI0_IRQHandler
                0x0000000008000b44                I2C2_EV_IRQHandler
                0x0000000008000b44                DMA1_Stream2_IRQHandler
                0x0000000008000b44                FPU_IRQHandler
                0x0000000008000b44                DMA2_Stream2_IRQHandler
                0x0000000008000b44                SPI1_IRQHandler
                0x0000000008000b44                TIM1_BRK_TIM9_IRQHandler
                0x0000000008000b44                DMA2_Stream3_IRQHandler
                0x0000000008000b44                USART6_IRQHandler
                0x0000000008000b44                DMA2_Stream0_IRQHandler
                0x0000000008000b44                TIM4_IRQHandler
                0x0000000008000b44                I2C1_EV_IRQHandler
                0x0000000008000b44                DMA1_Stream6_IRQHandler
                0x0000000008000b44                DMA1_Stream1_IRQHandler
                0x0000000008000b44                TIM3_IRQHandler
                0x0000000008000b44                RCC_IRQHandler
                0x0000000008000b44                Default_Handler
                0x0000000008000b44                EXTI15_10_IRQHandler
                0x0000000008000b44                ADC_IRQHandler
                0x0000000008000b44                DMA1_Stream7_IRQHandler
                0x0000000008000b44                TIM5_IRQHandler
                0x0000000008000b44                DMA2_Stream7_IRQHandler
                0x0000000008000b44                I2C3_EV_IRQHandler
                0x0000000008000b44                EXTI9_5_IRQHandler
                0x0000000008000b44                RTC_WKUP_IRQHandler
                0x0000000008000b44                SPI2_IRQHandler
                0x0000000008000b44                DMA1_Stream0_IRQHandler
                0x0000000008000b44                EXTI4_IRQHandler
                0x0000000008000b44                WWDG_IRQHandler
                0x0000000008000b44                TIM2_IRQHandler
                0x0000000008000b44                OTG_FS_WKUP_IRQHandler
                0x0000000008000b44                TIM1_TRG_COM_TIM11_IRQHandler
                0x0000000008000b44                EXTI1_IRQHandler
                0x0000000008000b44                USART2_IRQHandler
                0x0000000008000b44                I2C2_ER_IRQHandler
                0x0000000008000b44                DMA2_Stream1_IRQHandler
                0x0000000008000b44                FLASH_IRQHandler
                0x0000000008000b44                DMA2_Stream4_IRQHandler
                0x0000000008000b44                USART1_IRQHandler
                0x0000000008000b44                OTG_FS_IRQHandler
                0x0000000008000b44                SPI3_IRQHandler
                0x0000000008000b44                DMA1_Stream4_IRQHandler
                0x0000000008000b44                I2C1_ER_IRQHandler
                0x0000000008000b44                DMA2_Stream6_IRQHandler
                0x0000000008000b44                DMA1_Stream3_IRQHandler
 *fill*         0x0000000008000b46        0x2 
 .text.HAL_Init
                0x0000000008000b48       0x44 ./Drivers/STM32F4xx_HAL_Driver/Src/stm32f4xx_hal.o
                0x0000000008000b48                HAL_Init
 .text.HAL_InitTick
                0x0000000008000b8c       0x60 ./Drivers/STM32F4xx_HAL_Driver/Src/stm32f4xx_hal.o
                0x0000000008000b8c                HAL_InitTick
 .text.HAL_IncTick
                0x0000000008000bec       0x28 ./Drivers/STM32F4xx_HAL_Driver/Src/stm32f4xx_hal.o
                0x0000000008000bec                HAL_IncTick
 .text.HAL_GetTick
                0x0000000008000c14       0x18 ./Drivers/STM32F4xx_HAL_Driver/Src/stm32f4xx_hal.o
                0x0000000008000c14                HAL_GetTick
 .text.__NVIC_SetPriorityGrouping
                0x0000000008000c2c       0x48 ./Drivers/STM32F4xx_HAL_Driver/Src/stm32f4xx_hal_cortex.o
 .text.__NVIC_GetPriorityGrouping
                0x0000000008000c74       0x1c ./Drivers/STM32F4xx_HAL_Driver/Src/stm32f4xx_hal_cortex.o
 .text.__NVIC_SetPriority
                0x0000000008000c90       0x54 ./Drivers/STM32F4xx_HAL_Driver/Src/stm32f4xx_hal_cortex.o
 .text.NVIC_EncodePriority
                0x0000000008000ce4       0x66 ./Drivers/STM32F4xx_HAL_Driver/Src/stm32f4xx_hal_cortex.o
 *fill*         0x0000000008000d4a        0x2 
 .text.SysTick_Config
                0x0000000008000d4c       0x44 ./Drivers/STM32F4xx_HAL_Driver/Src/stm32f4xx_hal_cortex.o
 .text.HAL_NVIC_SetPriorityGrouping
                0x0000000008000d90       0x16 ./Drivers/STM32F4xx_HAL_Driver/Src/stm32f4xx_hal_cortex.o
                0x0000000008000d90                HAL_NVIC_SetPriorityGrouping
 .text.HAL_NVIC_SetPriority
                0x0000000008000da6       0x38 ./Drivers/STM32F4xx_HAL_Driver/Src/stm32f4xx_hal_cortex.o
                0x0000000008000da6                HAL_NVIC_SetPriority
 .text.HAL_SYSTICK_Config
                0x0000000008000dde       0x18 ./Drivers/STM32F4xx_HAL_Driver/Src/stm32f4xx_hal_cortex.o
                0x0000000008000dde                HAL_SYSTICK_Config
 *fill*         0x0000000008000df6        0x2 
 .text.HAL_GPIO_Init
                0x0000000008000df8      0x308 ./Drivers/STM32F4xx_HAL_Driver/Src/stm32f4xx_hal_gpio.o
                0x0000000008000df8                HAL_GPIO_Init
 .text.HAL_GPIO_WritePin
                0x0000000008001100       0x32 ./Drivers/STM32F4xx_HAL_Driver/Src/stm32f4xx_hal_gpio.o
                0x0000000008001100                HAL_GPIO_WritePin
 *fill*         0x0000000008001132        0x2 
 .text.HAL_RCC_OscConfig
                0x0000000008001134      0x4f0 ./Drivers/STM32F4xx_HAL_Driver/Src/stm32f4xx_hal_rcc.o
                0x0000000008001134                HAL_RCC_OscConfig
 .text.HAL_RCC_ClockConfig
                0x0000000008001624      0x1cc ./Drivers/STM32F4xx_HAL_Driver/Src/stm32f4xx_hal_rcc.o
                0x0000000008001624                HAL_RCC_ClockConfig
 .text.HAL_RCC_GetSysClockFreq
                0x00000000080017f0      0x16c ./Drivers/STM32F4xx_HAL_Driver/Src/stm32f4xx_hal_rcc.o
                0x00000000080017f0                HAL_RCC_GetSysClockFreq
 .text.HAL_RCC_GetHCLKFreq
                0x000000000800195c       0x18 ./Drivers/STM32F4xx_HAL_Driver/Src/stm32f4xx_hal_rcc.o
                0x000000000800195c                HAL_RCC_GetHCLKFreq
 .text.HAL_RCC_GetPCLK1Freq
                0x0000000008001974       0x28 ./Drivers/STM32F4xx_HAL_Driver/Src/stm32f4xx_hal_rcc.o
                0x0000000008001974                HAL_RCC_GetPCLK1Freq
 .text.HAL_RCC_GetPCLK2Freq
                0x000000000800199c       0x28 ./Drivers/STM32F4xx_HAL_Driver/Src/stm32f4xx_hal_rcc.o
                0x000000000800199c                HAL_RCC_GetPCLK2Freq
 .text.HAL_TIM_Base_Init
                0x00000000080019c4       0x9e ./Drivers/STM32F4xx_HAL_Driver/Src/stm32f4xx_hal_tim.o
                0x00000000080019c4                HAL_TIM_Base_Init
 .text.HAL_TIM_PWM_Init
                0x0000000008001a62       0x9e ./Drivers/STM32F4xx_HAL_Driver/Src/stm32f4xx_hal_tim.o
                0x0000000008001a62                HAL_TIM_PWM_Init
 .text.HAL_TIM_PWM_MspInit
                0x0000000008001b00       0x14 ./Drivers/STM32F4xx_HAL_Driver/Src/stm32f4xx_hal_tim.o
                0x0000000008001b00                HAL_TIM_PWM_MspInit
 .text.HAL_TIM_PWM_Start
                0x0000000008001b14      0x160 ./Drivers/STM32F4xx_HAL_Driver/Src/stm32f4xx_hal_tim.o
                0x0000000008001b14                HAL_TIM_PWM_Start
 .text.HAL_TIM_PWM_ConfigChannel
                0x0000000008001c74      0x184 ./Drivers/STM32F4xx_HAL_Driver/Src/stm32f4xx_hal_tim.o
                0x0000000008001c74                HAL_TIM_PWM_ConfigChannel
 .text.HAL_TIM_ConfigClockSource
                0x0000000008001df8      0x18e ./Drivers/STM32F4xx_HAL_Driver/Src/stm32f4xx_hal_tim.o
                0x0000000008001df8                HAL_TIM_ConfigClockSource
 *fill*         0x0000000008001f86        0x2 
 .text.TIM_Base_SetConfig
                0x0000000008001f88      0x100 ./Drivers/STM32F4xx_HAL_Driver/Src/stm32f4xx_hal_tim.o
                0x0000000008001f88                TIM_Base_SetConfig
 .text.TIM_OC1_SetConfig
                0x0000000008002088       0xcc ./Drivers/STM32F4xx_HAL_Driver/Src/stm32f4xx_hal_tim.o
 .text.TIM_OC2_SetConfig
                0x0000000008002154       0xd8 ./Drivers/STM32F4xx_HAL_Driver/Src/stm32f4xx_hal_tim.o
                0x0000000008002154                TIM_OC2_SetConfig
 .text.TIM_OC3_SetConfig
                0x000000000800222c       0xd4 ./Drivers/STM32F4xx_HAL_Driver/Src/stm32f4xx_hal_tim.o
 .text.TIM_OC4_SetConfig
                0x0000000008002300       0xa0 ./Drivers/STM32F4xx_HAL_Driver/Src/stm32f4xx_hal_tim.o
 .text.TIM_TI1_ConfigInputStage
                0x00000000080023a0       0x5e ./Drivers/STM32F4xx_HAL_Driver/Src/stm32f4xx_hal_tim.o
 .text.TIM_TI2_ConfigInputStage
                0x00000000080023fe       0x60 ./Drivers/STM32F4xx_HAL_Driver/Src/stm32f4xx_hal_tim.o
 .text.TIM_ITRx_SetConfig
                0x000000000800245e       0x36 ./Drivers/STM32F4xx_HAL_Driver/Src/stm32f4xx_hal_tim.o
 .text.TIM_ETR_SetConfig
                0x0000000008002494       0x40 ./Drivers/STM32F4xx_HAL_Driver/Src/stm32f4xx_hal_tim.o
                0x0000000008002494                TIM_ETR_SetConfig
 .text.TIM_CCxChannelCmd
                0x00000000080024d4       0x4a ./Drivers/STM32F4xx_HAL_Driver/Src/stm32f4xx_hal_tim.o
                0x00000000080024d4                TIM_CCxChannelCmd
 *fill*         0x000000000800251e        0x2 
 .text.HAL_TIMEx_MasterConfigSynchronization
                0x0000000008002520       0xdc ./Drivers/STM32F4xx_HAL_Driver/Src/stm32f4xx_hal_tim_ex.o
                0x0000000008002520                HAL_TIMEx_MasterConfigSynchronization
 .text.HAL_UART_Init
                0x00000000080025fc       0x9a ./Drivers/STM32F4xx_HAL_Driver/Src/stm32f4xx_hal_uart.o
                0x00000000080025fc                HAL_UART_Init
 *fill*         0x0000000008002696        0x2 
 .text.UART_SetConfig
                0x0000000008002698      0x390 ./Drivers/STM32F4xx_HAL_Driver/Src/stm32f4xx_hal_uart.o
 .text.__libc_init_array
                0x0000000008002a28       0x48 c:/st/stm32cubeide_1.8.0/stm32cubeide/plugins/com.st.stm32cube.ide.mcu.externaltools.gnu-tools-for-stm32.9-2020-q2-update.win32_2.0.0.202105311346/tools/bin/../lib/gcc/arm-none-eabi/9.3.1/../../../../arm-none-eabi/lib/thumb/v7e-m+fp/hard\libc_nano.a(lib_a-init.o)
                0x0000000008002a28                __libc_init_array
 .text.memset   0x0000000008002a70       0x10 c:/st/stm32cubeide_1.8.0/stm32cubeide/plugins/com.st.stm32cube.ide.mcu.externaltools.gnu-tools-for-stm32.9-2020-q2-update.win32_2.0.0.202105311346/tools/bin/../lib/gcc/arm-none-eabi/9.3.1/../../../../arm-none-eabi/lib/thumb/v7e-m+fp/hard\libc_nano.a(lib_a-memset.o)
                0x0000000008002a70                memset
 *(.glue_7)
 .glue_7        0x0000000008002a80        0x0 linker stubs
 *(.glue_7t)
 .glue_7t       0x0000000008002a80        0x0 linker stubs
 *(.eh_frame)
 .eh_frame      0x0000000008002a80        0x0 c:/st/stm32cubeide_1.8.0/stm32cubeide/plugins/com.st.stm32cube.ide.mcu.externaltools.gnu-tools-for-stm32.9-2020-q2-update.win32_2.0.0.202105311346/tools/bin/../lib/gcc/arm-none-eabi/9.3.1/thumb/v7e-m+fp/hard/crtbegin.o
 *(.init)
 .init          0x0000000008002a80        0x4 c:/st/stm32cubeide_1.8.0/stm32cubeide/plugins/com.st.stm32cube.ide.mcu.externaltools.gnu-tools-for-stm32.9-2020-q2-update.win32_2.0.0.202105311346/tools/bin/../lib/gcc/arm-none-eabi/9.3.1/thumb/v7e-m+fp/hard/crti.o
                0x0000000008002a80                _init
 .init          0x0000000008002a84        0x8 c:/st/stm32cubeide_1.8.0/stm32cubeide/plugins/com.st.stm32cube.ide.mcu.externaltools.gnu-tools-for-stm32.9-2020-q2-update.win32_2.0.0.202105311346/tools/bin/../lib/gcc/arm-none-eabi/9.3.1/thumb/v7e-m+fp/hard/crtn.o
 *(.fini)
 .fini          0x0000000008002a8c        0x4 c:/st/stm32cubeide_1.8.0/stm32cubeide/plugins/com.st.stm32cube.ide.mcu.externaltools.gnu-tools-for-stm32.9-2020-q2-update.win32_2.0.0.202105311346/tools/bin/../lib/gcc/arm-none-eabi/9.3.1/thumb/v7e-m+fp/hard/crti.o
                0x0000000008002a8c                _fini
 .fini          0x0000000008002a90        0x8 c:/st/stm32cubeide_1.8.0/stm32cubeide/plugins/com.st.stm32cube.ide.mcu.externaltools.gnu-tools-for-stm32.9-2020-q2-update.win32_2.0.0.202105311346/tools/bin/../lib/gcc/arm-none-eabi/9.3.1/thumb/v7e-m+fp/hard/crtn.o
                0x0000000008002a98                . = ALIGN (0x4)
                0x0000000008002a98                _etext = .

.vfp11_veneer   0x0000000008002a98        0x0
 .vfp11_veneer  0x0000000008002a98        0x0 linker stubs

.v4_bx          0x0000000008002a98        0x0
 .v4_bx         0x0000000008002a98        0x0 linker stubs

.iplt           0x0000000008002a98        0x0
 .iplt          0x0000000008002a98        0x0 c:/st/stm32cubeide_1.8.0/stm32cubeide/plugins/com.st.stm32cube.ide.mcu.externaltools.gnu-tools-for-stm32.9-2020-q2-update.win32_2.0.0.202105311346/tools/bin/../lib/gcc/arm-none-eabi/9.3.1/thumb/v7e-m+fp/hard/crtbegin.o

.rodata         0x0000000008002a98       0x18
                0x0000000008002a98                . = ALIGN (0x4)
 *(.rodata)
 *(.rodata*)
 .rodata.AHBPrescTable
                0x0000000008002a98       0x10 ./Core/Src/system_stm32f4xx.o
                0x0000000008002a98                AHBPrescTable
 .rodata.APBPrescTable
                0x0000000008002aa8        0x8 ./Core/Src/system_stm32f4xx.o
                0x0000000008002aa8                APBPrescTable
                0x0000000008002ab0                . = ALIGN (0x4)

.ARM.extab      0x0000000008002ab0        0x0
                0x0000000008002ab0                . = ALIGN (0x4)
 *(.ARM.extab* .gnu.linkonce.armextab.*)
                0x0000000008002ab0                . = ALIGN (0x4)

.ARM            0x0000000008002ab0        0x8
                0x0000000008002ab0                . = ALIGN (0x4)
                0x0000000008002ab0                __exidx_start = .
 *(.ARM.exidx*)
 .ARM.exidx     0x0000000008002ab0        0x8 c:/st/stm32cubeide_1.8.0/stm32cubeide/plugins/com.st.stm32cube.ide.mcu.externaltools.gnu-tools-for-stm32.9-2020-q2-update.win32_2.0.0.202105311346/tools/bin/../lib/gcc/arm-none-eabi/9.3.1/thumb/v7e-m+fp/hard\libgcc.a(_udivmoddi4.o)
                0x0000000008002ab8                __exidx_end = .
                0x0000000008002ab8                . = ALIGN (0x4)

.rel.dyn        0x0000000008002ab8        0x0
 .rel.iplt      0x0000000008002ab8        0x0 c:/st/stm32cubeide_1.8.0/stm32cubeide/plugins/com.st.stm32cube.ide.mcu.externaltools.gnu-tools-for-stm32.9-2020-q2-update.win32_2.0.0.202105311346/tools/bin/../lib/gcc/arm-none-eabi/9.3.1/thumb/v7e-m+fp/hard/crtbegin.o

.preinit_array  0x0000000008002ab8        0x0
                0x0000000008002ab8                . = ALIGN (0x4)
                0x0000000008002ab8                PROVIDE (__preinit_array_start = .)
 *(.preinit_array*)
                0x0000000008002ab8                PROVIDE (__preinit_array_end = .)
                0x0000000008002ab8                . = ALIGN (0x4)

.init_array     0x0000000008002ab8        0x4
                0x0000000008002ab8                . = ALIGN (0x4)
                0x0000000008002ab8                PROVIDE (__init_array_start = .)
 *(SORT_BY_NAME(.init_array.*))
 *(.init_array*)
 .init_array    0x0000000008002ab8        0x4 c:/st/stm32cubeide_1.8.0/stm32cubeide/plugins/com.st.stm32cube.ide.mcu.externaltools.gnu-tools-for-stm32.9-2020-q2-update.win32_2.0.0.202105311346/tools/bin/../lib/gcc/arm-none-eabi/9.3.1/thumb/v7e-m+fp/hard/crtbegin.o
                0x0000000008002abc                PROVIDE (__init_array_end = .)
                0x0000000008002abc                . = ALIGN (0x4)

.fini_array     0x0000000008002abc        0x4
                0x0000000008002abc                . = ALIGN (0x4)
                [!provide]                        PROVIDE (__fini_array_start = .)
 *(SORT_BY_NAME(.fini_array.*))
 *(.fini_array*)
 .fini_array    0x0000000008002abc        0x4 c:/st/stm32cubeide_1.8.0/stm32cubeide/plugins/com.st.stm32cube.ide.mcu.externaltools.gnu-tools-for-stm32.9-2020-q2-update.win32_2.0.0.202105311346/tools/bin/../lib/gcc/arm-none-eabi/9.3.1/thumb/v7e-m+fp/hard/crtbegin.o
                [!provide]                        PROVIDE (__fini_array_end = .)
                0x0000000008002ac0                . = ALIGN (0x4)
                0x0000000008002ac0                _sidata = LOADADDR (.data)

.data           0x0000000020000000        0xc load address 0x0000000008002ac0
                0x0000000020000000                . = ALIGN (0x4)
                0x0000000020000000                _sdata = .
 *(.data)
 *(.data*)
 .data.SystemCoreClock
                0x0000000020000000        0x4 ./Core/Src/system_stm32f4xx.o
                0x0000000020000000                SystemCoreClock
 .data.uwTickPrio
                0x0000000020000004        0x4 ./Drivers/STM32F4xx_HAL_Driver/Src/stm32f4xx_hal.o
                0x0000000020000004                uwTickPrio
 .data.uwTickFreq
                0x0000000020000008        0x1 ./Drivers/STM32F4xx_HAL_Driver/Src/stm32f4xx_hal.o
                0x0000000020000008                uwTickFreq
 *(.RamFunc)
 *(.RamFunc*)
                0x000000002000000c                . = ALIGN (0x4)
 *fill*         0x0000000020000009        0x3 
                0x000000002000000c                _edata = .

.igot.plt       0x000000002000000c        0x0 load address 0x0000000008002acc
 .igot.plt      0x000000002000000c        0x0 c:/st/stm32cubeide_1.8.0/stm32cubeide/plugins/com.st.stm32cube.ide.mcu.externaltools.gnu-tools-for-stm32.9-2020-q2-update.win32_2.0.0.202105311346/tools/bin/../lib/gcc/arm-none-eabi/9.3.1/thumb/v7e-m+fp/hard/crtbegin.o
                0x000000002000000c                . = ALIGN (0x4)

.bss            0x000000002000000c       0xac load address 0x0000000008002acc
                0x000000002000000c                _sbss = .
                0x000000002000000c                __bss_start__ = _sbss
 *(.bss)
 .bss           0x000000002000000c       0x1c c:/st/stm32cubeide_1.8.0/stm32cubeide/plugins/com.st.stm32cube.ide.mcu.externaltools.gnu-tools-for-stm32.9-2020-q2-update.win32_2.0.0.202105311346/tools/bin/../lib/gcc/arm-none-eabi/9.3.1/thumb/v7e-m+fp/hard/crtbegin.o
 *(.bss*)
 *(COMMON)
 COMMON         0x0000000020000028       0x48 ./Core/Src/tim.o
                0x0000000020000028                htim2
 COMMON         0x0000000020000070       0x44 ./Core/Src/usart.o
                0x0000000020000070                huart2
 COMMON         0x00000000200000b4        0x4 ./Drivers/STM32F4xx_HAL_Driver/Src/stm32f4xx_hal.o
                0x00000000200000b4                uwTick
                0x00000000200000b8                . = ALIGN (0x4)
                0x00000000200000b8                _ebss = .
                0x00000000200000b8                __bss_end__ = _ebss

._user_heap_stack
                0x00000000200000b8      0x600 load address 0x0000000008002acc
                0x00000000200000b8                . = ALIGN (0x8)
                [!provide]                        PROVIDE (end = .)
                0x00000000200000b8                PROVIDE (_end = .)
                0x00000000200002b8                . = (. + _Min_Heap_Size)
 *fill*         0x00000000200000b8      0x200 
                0x00000000200006b8                . = (. + _Min_Stack_Size)
 *fill*         0x00000000200002b8      0x400 
                0x00000000200006b8                . = ALIGN (0x8)

/DISCARD/
 libc.a(*)
 libm.a(*)
 libgcc.a(*)

.ARM.attributes
                0x0000000000000000       0x30
 *(.ARM.attributes)
 .ARM.attributes
                0x0000000000000000       0x1e c:/st/stm32cubeide_1.8.0/stm32cubeide/plugins/com.st.stm32cube.ide.mcu.externaltools.gnu-tools-for-stm32.9-2020-q2-update.win32_2.0.0.202105311346/tools/bin/../lib/gcc/arm-none-eabi/9.3.1/thumb/v7e-m+fp/hard/crti.o
 .ARM.attributes
                0x000000000000001e       0x34 c:/st/stm32cubeide_1.8.0/stm32cubeide/plugins/com.st.stm32cube.ide.mcu.externaltools.gnu-tools-for-stm32.9-2020-q2-update.win32_2.0.0.202105311346/tools/bin/../lib/gcc/arm-none-eabi/9.3.1/thumb/v7e-m+fp/hard/crtbegin.o
 .ARM.attributes
                0x0000000000000052       0x34 ./Core/Src/L293D.o
 .ARM.attributes
                0x0000000000000086       0x34 ./Core/Src/gpio.o
 .ARM.attributes
                0x00000000000000ba       0x34 ./Core/Src/main.o
 .ARM.attributes
                0x00000000000000ee       0x34 ./Core/Src/stm32f4xx_hal_msp.o
 .ARM.attributes
                0x0000000000000122       0x34 ./Core/Src/stm32f4xx_it.o
 .ARM.attributes
                0x0000000000000156       0x34 ./Core/Src/system_stm32f4xx.o
 .ARM.attributes
                0x000000000000018a       0x34 ./Core/Src/tim.o
 .ARM.attributes
                0x00000000000001be       0x34 ./Core/Src/usart.o
 .ARM.attributes
                0x00000000000001f2       0x21 ./Core/Startup/startup_stm32f401retx.o
 .ARM.attributes
                0x0000000000000213       0x34 ./Drivers/STM32F4xx_HAL_Driver/Src/stm32f4xx_hal.o
 .ARM.attributes
                0x0000000000000247       0x34 ./Drivers/STM32F4xx_HAL_Driver/Src/stm32f4xx_hal_cortex.o
 .ARM.attributes
                0x000000000000027b       0x34 ./Drivers/STM32F4xx_HAL_Driver/Src/stm32f4xx_hal_gpio.o
 .ARM.attributes
                0x00000000000002af       0x34 ./Drivers/STM32F4xx_HAL_Driver/Src/stm32f4xx_hal_rcc.o
 .ARM.attributes
                0x00000000000002e3       0x34 ./Drivers/STM32F4xx_HAL_Driver/Src/stm32f4xx_hal_tim.o
 .ARM.attributes
                0x0000000000000317       0x34 ./Drivers/STM32F4xx_HAL_Driver/Src/stm32f4xx_hal_tim_ex.o
 .ARM.attributes
                0x000000000000034b       0x34 ./Drivers/STM32F4xx_HAL_Driver/Src/stm32f4xx_hal_uart.o
 .ARM.attributes
                0x000000000000037f       0x34 c:/st/stm32cubeide_1.8.0/stm32cubeide/plugins/com.st.stm32cube.ide.mcu.externaltools.gnu-tools-for-stm32.9-2020-q2-update.win32_2.0.0.202105311346/tools/bin/../lib/gcc/arm-none-eabi/9.3.1/../../../../arm-none-eabi/lib/thumb/v7e-m+fp/hard\libc_nano.a(lib_a-init.o)
 .ARM.attributes
                0x00000000000003b3       0x34 c:/st/stm32cubeide_1.8.0/stm32cubeide/plugins/com.st.stm32cube.ide.mcu.externaltools.gnu-tools-for-stm32.9-2020-q2-update.win32_2.0.0.202105311346/tools/bin/../lib/gcc/arm-none-eabi/9.3.1/../../../../arm-none-eabi/lib/thumb/v7e-m+fp/hard\libc_nano.a(lib_a-memset.o)
 .ARM.attributes
                0x00000000000003e7       0x1e c:/st/stm32cubeide_1.8.0/stm32cubeide/plugins/com.st.stm32cube.ide.mcu.externaltools.gnu-tools-for-stm32.9-2020-q2-update.win32_2.0.0.202105311346/tools/bin/../lib/gcc/arm-none-eabi/9.3.1/thumb/v7e-m+fp/hard\libgcc.a(_aeabi_uldivmod.o)
 .ARM.attributes
                0x0000000000000405       0x34 c:/st/stm32cubeide_1.8.0/stm32cubeide/plugins/com.st.stm32cube.ide.mcu.externaltools.gnu-tools-for-stm32.9-2020-q2-update.win32_2.0.0.202105311346/tools/bin/../lib/gcc/arm-none-eabi/9.3.1/thumb/v7e-m+fp/hard\libgcc.a(_udivmoddi4.o)
 .ARM.attributes
                0x0000000000000439       0x1e c:/st/stm32cubeide_1.8.0/stm32cubeide/plugins/com.st.stm32cube.ide.mcu.externaltools.gnu-tools-for-stm32.9-2020-q2-update.win32_2.0.0.202105311346/tools/bin/../lib/gcc/arm-none-eabi/9.3.1/thumb/v7e-m+fp/hard\libgcc.a(_dvmd_tls.o)
 .ARM.attributes
                0x0000000000000457       0x1e c:/st/stm32cubeide_1.8.0/stm32cubeide/plugins/com.st.stm32cube.ide.mcu.externaltools.gnu-tools-for-stm32.9-2020-q2-update.win32_2.0.0.202105311346/tools/bin/../lib/gcc/arm-none-eabi/9.3.1/thumb/v7e-m+fp/hard/crtn.o
OUTPUT(MOSTEK_H_DC.elf elf32-littlearm)
LOAD linker stubs
LOAD c:/st/stm32cubeide_1.8.0/stm32cubeide/plugins/com.st.stm32cube.ide.mcu.externaltools.gnu-tools-for-stm32.9-2020-q2-update.win32_2.0.0.202105311346/tools/bin/../lib/gcc/arm-none-eabi/9.3.1/../../../../arm-none-eabi/lib/thumb/v7e-m+fp/hard\libc.a
LOAD c:/st/stm32cubeide_1.8.0/stm32cubeide/plugins/com.st.stm32cube.ide.mcu.externaltools.gnu-tools-for-stm32.9-2020-q2-update.win32_2.0.0.202105311346/tools/bin/../lib/gcc/arm-none-eabi/9.3.1/../../../../arm-none-eabi/lib/thumb/v7e-m+fp/hard\libm.a
LOAD c:/st/stm32cubeide_1.8.0/stm32cubeide/plugins/com.st.stm32cube.ide.mcu.externaltools.gnu-tools-for-stm32.9-2020-q2-update.win32_2.0.0.202105311346/tools/bin/../lib/gcc/arm-none-eabi/9.3.1/thumb/v7e-m+fp/hard\libgcc.a

.debug_info     0x0000000000000000     0xecf3
 .debug_info    0x0000000000000000     0x1190 ./Core/Src/L293D.o
 .debug_info    0x0000000000001190      0x504 ./Core/Src/gpio.o
 .debug_info    0x0000000000001694     0x16cd ./Core/Src/main.o
 .debug_info    0x0000000000002d61      0x3c0 ./Core/Src/stm32f4xx_hal_msp.o
 .debug_info    0x0000000000003121      0x222 ./Core/Src/stm32f4xx_it.o
 .debug_info    0x0000000000003343      0x5d0 ./Core/Src/system_stm32f4xx.o
 .debug_info    0x0000000000003913      0xc6f ./Core/Src/tim.o
 .debug_info    0x0000000000004582      0xa28 ./Core/Src/usart.o
 .debug_info    0x0000000000004faa       0x22 ./Core/Startup/startup_stm32f401retx.o
 .debug_info    0x0000000000004fcc      0x93d ./Drivers/STM32F4xx_HAL_Driver/Src/stm32f4xx_hal.o
 .debug_info    0x0000000000005909      0xe41 ./Drivers/STM32F4xx_HAL_Driver/Src/stm32f4xx_hal_cortex.o
 .debug_info    0x000000000000674a      0x862 ./Drivers/STM32F4xx_HAL_Driver/Src/stm32f4xx_hal_gpio.o
 .debug_info    0x0000000000006fac      0x9bd ./Drivers/STM32F4xx_HAL_Driver/Src/stm32f4xx_hal_rcc.o
 .debug_info    0x0000000000007969     0x2c1a ./Drivers/STM32F4xx_HAL_Driver/Src/stm32f4xx_hal_tim.o
 .debug_info    0x000000000000a583     0x159a ./Drivers/STM32F4xx_HAL_Driver/Src/stm32f4xx_hal_tim_ex.o
 .debug_info    0x000000000000bb1d     0x31d6 ./Drivers/STM32F4xx_HAL_Driver/Src/stm32f4xx_hal_uart.o

.debug_abbrev   0x0000000000000000     0x1e9a
 .debug_abbrev  0x0000000000000000      0x254 ./Core/Src/L293D.o
 .debug_abbrev  0x0000000000000254      0x14e ./Core/Src/gpio.o
 .debug_abbrev  0x00000000000003a2      0x276 ./Core/Src/main.o
 .debug_abbrev  0x0000000000000618      0x11d ./Core/Src/stm32f4xx_hal_msp.o
 .debug_abbrev  0x0000000000000735       0xd2 ./Core/Src/stm32f4xx_it.o
 .debug_abbrev  0x0000000000000807      0x145 ./Core/Src/system_stm32f4xx.o
 .debug_abbrev  0x000000000000094c      0x1df ./Core/Src/tim.o
 .debug_abbrev  0x0000000000000b2b      0x1bb ./Core/Src/usart.o
 .debug_abbrev  0x0000000000000ce6       0x12 ./Core/Startup/startup_stm32f401retx.o
 .debug_abbrev  0x0000000000000cf8      0x21e ./Drivers/STM32F4xx_HAL_Driver/Src/stm32f4xx_hal.o
 .debug_abbrev  0x0000000000000f16      0x33c ./Drivers/STM32F4xx_HAL_Driver/Src/stm32f4xx_hal_cortex.o
 .debug_abbrev  0x0000000000001252      0x1f1 ./Drivers/STM32F4xx_HAL_Driver/Src/stm32f4xx_hal_gpio.o
 .debug_abbrev  0x0000000000001443      0x275 ./Drivers/STM32F4xx_HAL_Driver/Src/stm32f4xx_hal_rcc.o
 .debug_abbrev  0x00000000000016b8      0x26f ./Drivers/STM32F4xx_HAL_Driver/Src/stm32f4xx_hal_tim.o
 .debug_abbrev  0x0000000000001927      0x277 ./Drivers/STM32F4xx_HAL_Driver/Src/stm32f4xx_hal_tim_ex.o
 .debug_abbrev  0x0000000000001b9e      0x2fc ./Drivers/STM32F4xx_HAL_Driver/Src/stm32f4xx_hal_uart.o

.debug_aranges  0x0000000000000000      0xbe0
 .debug_aranges
                0x0000000000000000       0x38 ./Core/Src/L293D.o
 .debug_aranges
                0x0000000000000038       0x20 ./Core/Src/gpio.o
 .debug_aranges
                0x0000000000000058       0x30 ./Core/Src/main.o
 .debug_aranges
                0x0000000000000088       0x20 ./Core/Src/stm32f4xx_hal_msp.o
 .debug_aranges
                0x00000000000000a8       0x60 ./Core/Src/stm32f4xx_it.o
 .debug_aranges
                0x0000000000000108       0x28 ./Core/Src/system_stm32f4xx.o
 .debug_aranges
                0x0000000000000130       0x38 ./Core/Src/tim.o
 .debug_aranges
                0x0000000000000168       0x30 ./Core/Src/usart.o
 .debug_aranges
                0x0000000000000198       0x28 ./Core/Startup/startup_stm32f401retx.o
 .debug_aranges
                0x00000000000001c0       0xf0 ./Drivers/STM32F4xx_HAL_Driver/Src/stm32f4xx_hal.o
 .debug_aranges
                0x00000000000002b0      0x118 ./Drivers/STM32F4xx_HAL_Driver/Src/stm32f4xx_hal_cortex.o
 .debug_aranges
                0x00000000000003c8       0x58 ./Drivers/STM32F4xx_HAL_Driver/Src/stm32f4xx_hal_gpio.o
 .debug_aranges
                0x0000000000000420       0x88 ./Drivers/STM32F4xx_HAL_Driver/Src/stm32f4xx_hal_rcc.o
 .debug_aranges
                0x00000000000004a8      0x3d0 ./Drivers/STM32F4xx_HAL_Driver/Src/stm32f4xx_hal_tim.o
 .debug_aranges
                0x0000000000000878      0x168 ./Drivers/STM32F4xx_HAL_Driver/Src/stm32f4xx_hal_tim_ex.o
 .debug_aranges
                0x00000000000009e0      0x200 ./Drivers/STM32F4xx_HAL_Driver/Src/stm32f4xx_hal_uart.o

.debug_ranges   0x0000000000000000      0xb18
 .debug_ranges  0x0000000000000000       0x28 ./Core/Src/L293D.o
 .debug_ranges  0x0000000000000028       0x10 ./Core/Src/gpio.o
 .debug_ranges  0x0000000000000038       0x20 ./Core/Src/main.o
 .debug_ranges  0x0000000000000058       0x10 ./Core/Src/stm32f4xx_hal_msp.o
 .debug_ranges  0x0000000000000068       0x50 ./Core/Src/stm32f4xx_it.o
 .debug_ranges  0x00000000000000b8       0x18 ./Core/Src/system_stm32f4xx.o
 .debug_ranges  0x00000000000000d0       0x28 ./Core/Src/tim.o
 .debug_ranges  0x00000000000000f8       0x20 ./Core/Src/usart.o
 .debug_ranges  0x0000000000000118       0x20 ./Core/Startup/startup_stm32f401retx.o
 .debug_ranges  0x0000000000000138       0xe0 ./Drivers/STM32F4xx_HAL_Driver/Src/stm32f4xx_hal.o
 .debug_ranges  0x0000000000000218      0x108 ./Drivers/STM32F4xx_HAL_Driver/Src/stm32f4xx_hal_cortex.o
 .debug_ranges  0x0000000000000320       0x48 ./Drivers/STM32F4xx_HAL_Driver/Src/stm32f4xx_hal_gpio.o
 .debug_ranges  0x0000000000000368       0x78 ./Drivers/STM32F4xx_HAL_Driver/Src/stm32f4xx_hal_rcc.o
 .debug_ranges  0x00000000000003e0      0x3c0 ./Drivers/STM32F4xx_HAL_Driver/Src/stm32f4xx_hal_tim.o
 .debug_ranges  0x00000000000007a0      0x158 ./Drivers/STM32F4xx_HAL_Driver/Src/stm32f4xx_hal_tim_ex.o
 .debug_ranges  0x00000000000008f8      0x220 ./Drivers/STM32F4xx_HAL_Driver/Src/stm32f4xx_hal_uart.o

.debug_macro    0x0000000000000000    0x16fa4
 .debug_macro   0x0000000000000000      0x35a ./Core/Src/L293D.o
 .debug_macro   0x000000000000035a      0xaa8 ./Core/Src/L293D.o
 .debug_macro   0x0000000000000e02       0x22 ./Core/Src/L293D.o
 .debug_macro   0x0000000000000e24       0x8e ./Core/Src/L293D.o
 .debug_macro   0x0000000000000eb2       0x51 ./Core/Src/L293D.o
 .debug_macro   0x0000000000000f03      0x103 ./Core/Src/L293D.o
 .debug_macro   0x0000000000001006       0x6a ./Core/Src/L293D.o
 .debug_macro   0x0000000000001070      0x1df ./Core/Src/L293D.o
 .debug_macro   0x000000000000124f       0x52 ./Core/Src/L293D.o
 .debug_macro   0x00000000000012a1       0x18 ./Core/Src/L293D.o
 .debug_macro   0x00000000000012b9       0x3c ./Core/Src/L293D.o
 .debug_macro   0x00000000000012f5       0x34 ./Core/Src/L293D.o
 .debug_macro   0x0000000000001329       0x16 ./Core/Src/L293D.o
 .debug_macro   0x000000000000133f       0x97 ./Core/Src/L293D.o
 .debug_macro   0x00000000000013d6      0x339 ./Core/Src/L293D.o
 .debug_macro   0x000000000000170f       0xfd ./Core/Src/L293D.o
 .debug_macro   0x000000000000180c       0x10 ./Core/Src/L293D.o
 .debug_macro   0x000000000000181c       0x16 ./Core/Src/L293D.o
 .debug_macro   0x0000000000001832       0x43 ./Core/Src/L293D.o
 .debug_macro   0x0000000000001875       0x34 ./Core/Src/L293D.o
 .debug_macro   0x00000000000018a9       0x10 ./Core/Src/L293D.o
 .debug_macro   0x00000000000018b9       0x58 ./Core/Src/L293D.o
 .debug_macro   0x0000000000001911       0x71 ./Core/Src/L293D.o
 .debug_macro   0x0000000000001982       0x1c ./Core/Src/L293D.o
 .debug_macro   0x000000000000199e      0x12a ./Core/Src/L293D.o
 .debug_macro   0x0000000000001ac8       0x10 ./Core/Src/L293D.o
 .debug_macro   0x0000000000001ad8       0x1c ./Core/Src/L293D.o
 .debug_macro   0x0000000000001af4       0x52 ./Core/Src/L293D.o
 .debug_macro   0x0000000000001b46       0x22 ./Core/Src/L293D.o
 .debug_macro   0x0000000000001b68       0x10 ./Core/Src/L293D.o
 .debug_macro   0x0000000000001b78       0x40 ./Core/Src/L293D.o
 .debug_macro   0x0000000000001bb8       0xd5 ./Core/Src/L293D.o
 .debug_macro   0x0000000000001c8d       0x1c ./Core/Src/L293D.o
 .debug_macro   0x0000000000001ca9       0x3d ./Core/Src/L293D.o
 .debug_macro   0x0000000000001ce6       0x16 ./Core/Src/L293D.o
 .debug_macro   0x0000000000001cfc      0x145 ./Core/Src/L293D.o
 .debug_macro   0x0000000000001e41      0x29b ./Core/Src/L293D.o
 .debug_macro   0x00000000000020dc       0x2e ./Core/Src/L293D.o
 .debug_macro   0x000000000000210a       0x28 ./Core/Src/L293D.o
 .debug_macro   0x0000000000002132       0x1c ./Core/Src/L293D.o
 .debug_macro   0x000000000000214e       0x22 ./Core/Src/L293D.o
 .debug_macro   0x0000000000002170       0xd9 ./Core/Src/L293D.o
 .debug_macro   0x0000000000002249     0x102d ./Core/Src/L293D.o
 .debug_macro   0x0000000000003276      0x11f ./Core/Src/L293D.o
 .debug_macro   0x0000000000003395     0xb86c ./Core/Src/L293D.o
 .debug_macro   0x000000000000ec01       0x6d ./Core/Src/L293D.o
 .debug_macro   0x000000000000ec6e     0x3666 ./Core/Src/L293D.o
 .debug_macro   0x00000000000122d4       0x56 ./Core/Src/L293D.o
 .debug_macro   0x000000000001232a      0x416 ./Core/Src/L293D.o
 .debug_macro   0x0000000000012740      0x9fe ./Core/Src/L293D.o
 .debug_macro   0x000000000001313e      0x116 ./Core/Src/L293D.o
 .debug_macro   0x0000000000013254       0xf8 ./Core/Src/L293D.o
 .debug_macro   0x000000000001334c       0xa5 ./Core/Src/L293D.o
 .debug_macro   0x00000000000133f1      0x15f ./Core/Src/L293D.o
 .debug_macro   0x0000000000013550      0x287 ./Core/Src/L293D.o
 .debug_macro   0x00000000000137d7       0x5f ./Core/Src/L293D.o
 .debug_macro   0x0000000000013836      0x236 ./Core/Src/L293D.o
 .debug_macro   0x0000000000013a6c      0x132 ./Core/Src/L293D.o
 .debug_macro   0x0000000000013b9e      0x264 ./Core/Src/L293D.o
 .debug_macro   0x0000000000013e02       0x2e ./Core/Src/L293D.o
 .debug_macro   0x0000000000013e30      0x11a ./Core/Src/L293D.o
 .debug_macro   0x0000000000013f4a       0x85 ./Core/Src/L293D.o
 .debug_macro   0x0000000000013fcf       0x89 ./Core/Src/L293D.o
 .debug_macro   0x0000000000014058      0x8d1 ./Core/Src/L293D.o
 .debug_macro   0x0000000000014929       0x47 ./Core/Src/L293D.o
 .debug_macro   0x0000000000014970      0x295 ./Core/Src/L293D.o
 .debug_macro   0x0000000000014c05      0x126 ./Core/Src/L293D.o
 .debug_macro   0x0000000000014d2b       0x28 ./Core/Src/L293D.o
 .debug_macro   0x0000000000014d53      0x1f1 ./Core/Src/gpio.o
 .debug_macro   0x0000000000014f44       0xdf ./Core/Src/gpio.o
 .debug_macro   0x0000000000015023      0x174 ./Core/Src/gpio.o
 .debug_macro   0x0000000000015197       0x5c ./Core/Src/gpio.o
 .debug_macro   0x00000000000151f3      0x371 ./Core/Src/main.o
 .debug_macro   0x0000000000015564       0x35 ./Core/Src/main.o
 .debug_macro   0x0000000000015599      0x333 ./Core/Src/main.o
 .debug_macro   0x00000000000158cc       0x22 ./Core/Src/main.o
 .debug_macro   0x00000000000158ee      0x1e7 ./Core/Src/stm32f4xx_hal_msp.o
 .debug_macro   0x0000000000015ad5      0x1f1 ./Core/Src/stm32f4xx_it.o
 .debug_macro   0x0000000000015cc6      0x1ce ./Core/Src/system_stm32f4xx.o
 .debug_macro   0x0000000000015e94      0x1f1 ./Core/Src/tim.o
 .debug_macro   0x0000000000016085      0x1f1 ./Core/Src/usart.o
 .debug_macro   0x0000000000016276      0x22e ./Drivers/STM32F4xx_HAL_Driver/Src/stm32f4xx_hal.o
 .debug_macro   0x00000000000164a4      0x1ce ./Drivers/STM32F4xx_HAL_Driver/Src/stm32f4xx_hal_cortex.o
 .debug_macro   0x0000000000016672      0x1d4 ./Drivers/STM32F4xx_HAL_Driver/Src/stm32f4xx_hal_gpio.o
 .debug_macro   0x0000000000016846      0x1f2 ./Drivers/STM32F4xx_HAL_Driver/Src/stm32f4xx_hal_rcc.o
 .debug_macro   0x0000000000016a38      0x1cf ./Drivers/STM32F4xx_HAL_Driver/Src/stm32f4xx_hal_tim.o
 .debug_macro   0x0000000000016c07      0x1ce ./Drivers/STM32F4xx_HAL_Driver/Src/stm32f4xx_hal_tim_ex.o
 .debug_macro   0x0000000000016dd5      0x1cf ./Drivers/STM32F4xx_HAL_Driver/Src/stm32f4xx_hal_uart.o

.debug_line     0x0000000000000000     0xe4a5
 .debug_line    0x0000000000000000      0x92d ./Core/Src/L293D.o
 .debug_line    0x000000000000092d      0x6df ./Core/Src/gpio.o
 .debug_line    0x000000000000100c      0x98a ./Core/Src/main.o
 .debug_line    0x0000000000001996      0x6d1 ./Core/Src/stm32f4xx_hal_msp.o
 .debug_line    0x0000000000002067      0x794 ./Core/Src/stm32f4xx_it.o
 .debug_line    0x00000000000027fb      0x748 ./Core/Src/system_stm32f4xx.o
 .debug_line    0x0000000000002f43      0x78d ./Core/Src/tim.o
 .debug_line    0x00000000000036d0      0x73b ./Core/Src/usart.o
 .debug_line    0x0000000000003e0b       0x88 ./Core/Startup/startup_stm32f401retx.o
 .debug_line    0x0000000000003e93      0x9ae ./Drivers/STM32F4xx_HAL_Driver/Src/stm32f4xx_hal.o
 .debug_line    0x0000000000004841      0xc5d ./Drivers/STM32F4xx_HAL_Driver/Src/stm32f4xx_hal_cortex.o
 .debug_line    0x000000000000549e      0xae8 ./Drivers/STM32F4xx_HAL_Driver/Src/stm32f4xx_hal_gpio.o
 .debug_line    0x0000000000005f86      0xd28 ./Drivers/STM32F4xx_HAL_Driver/Src/stm32f4xx_hal_rcc.o
 .debug_line    0x0000000000006cae     0x347c ./Drivers/STM32F4xx_HAL_Driver/Src/stm32f4xx_hal_tim.o
 .debug_line    0x000000000000a12a     0x1946 ./Drivers/STM32F4xx_HAL_Driver/Src/stm32f4xx_hal_tim_ex.o
 .debug_line    0x000000000000ba70     0x2a35 ./Drivers/STM32F4xx_HAL_Driver/Src/stm32f4xx_hal_uart.o

.debug_str      0x0000000000000000    0x8d307
 .debug_str     0x0000000000000000    0x8a133 ./Core/Src/L293D.o
                                      0x8a4f3 (size before relaxing)
 .debug_str     0x000000000008a133      0x197 ./Core/Src/gpio.o
                                      0x85fdf (size before relaxing)
 .debug_str     0x000000000008a2ca      0x3b0 ./Core/Src/main.o
                                      0x8a8f3 (size before relaxing)
 .debug_str     0x000000000008a67a       0x2c ./Core/Src/stm32f4xx_hal_msp.o
                                      0x85f42 (size before relaxing)
 .debug_str     0x000000000008a6a6       0xbd ./Core/Src/stm32f4xx_it.o
                                      0x85ebe (size before relaxing)
 .debug_str     0x000000000008a763       0xaf ./Core/Src/system_stm32f4xx.o
                                      0x85f20 (size before relaxing)
 .debug_str     0x000000000008a812      0x17a ./Core/Src/tim.o
                                      0x86670 (size before relaxing)
 .debug_str     0x000000000008a98c       0x57 ./Core/Src/usart.o
                                      0x86444 (size before relaxing)
 .debug_str     0x000000000008a9e3       0x36 ./Core/Startup/startup_stm32f401retx.o
                                         0x6e (size before relaxing)
 .debug_str     0x000000000008aa19      0x90f ./Drivers/STM32F4xx_HAL_Driver/Src/stm32f4xx_hal.o
                                      0x868a0 (size before relaxing)
 .debug_str     0x000000000008b328      0x399 ./Drivers/STM32F4xx_HAL_Driver/Src/stm32f4xx_hal_cortex.o
                                      0x8667d (size before relaxing)
 .debug_str     0x000000000008b6c1      0x15f ./Drivers/STM32F4xx_HAL_Driver/Src/stm32f4xx_hal_gpio.o
                                      0x860c7 (size before relaxing)
 .debug_str     0x000000000008b820      0x259 ./Drivers/STM32F4xx_HAL_Driver/Src/stm32f4xx_hal_rcc.o
                                      0x86322 (size before relaxing)
 .debug_str     0x000000000008ba79      0xd96 ./Drivers/STM32F4xx_HAL_Driver/Src/stm32f4xx_hal_tim.o
                                      0x8723d (size before relaxing)
 .debug_str     0x000000000008c80f      0x4ee ./Drivers/STM32F4xx_HAL_Driver/Src/stm32f4xx_hal_tim_ex.o
                                      0x869ee (size before relaxing)
 .debug_str     0x000000000008ccfd      0x60a ./Drivers/STM32F4xx_HAL_Driver/Src/stm32f4xx_hal_uart.o
                                      0x86896 (size before relaxing)

.comment        0x0000000000000000       0x53
 .comment       0x0000000000000000       0x53 ./Core/Src/L293D.o
                                         0x54 (size before relaxing)
 .comment       0x0000000000000053       0x54 ./Core/Src/gpio.o
 .comment       0x0000000000000053       0x54 ./Core/Src/main.o
 .comment       0x0000000000000053       0x54 ./Core/Src/stm32f4xx_hal_msp.o
 .comment       0x0000000000000053       0x54 ./Core/Src/stm32f4xx_it.o
 .comment       0x0000000000000053       0x54 ./Core/Src/system_stm32f4xx.o
 .comment       0x0000000000000053       0x54 ./Core/Src/tim.o
 .comment       0x0000000000000053       0x54 ./Core/Src/usart.o
 .comment       0x0000000000000053       0x54 ./Drivers/STM32F4xx_HAL_Driver/Src/stm32f4xx_hal.o
 .comment       0x0000000000000053       0x54 ./Drivers/STM32F4xx_HAL_Driver/Src/stm32f4xx_hal_cortex.o
 .comment       0x0000000000000053       0x54 ./Drivers/STM32F4xx_HAL_Driver/Src/stm32f4xx_hal_gpio.o
 .comment       0x0000000000000053       0x54 ./Drivers/STM32F4xx_HAL_Driver/Src/stm32f4xx_hal_rcc.o
 .comment       0x0000000000000053       0x54 ./Drivers/STM32F4xx_HAL_Driver/Src/stm32f4xx_hal_tim.o
 .comment       0x0000000000000053       0x54 ./Drivers/STM32F4xx_HAL_Driver/Src/stm32f4xx_hal_tim_ex.o
 .comment       0x0000000000000053       0x54 ./Drivers/STM32F4xx_HAL_Driver/Src/stm32f4xx_hal_uart.o

.debug_frame    0x0000000000000000     0x30fc
 .debug_frame   0x0000000000000000       0x9c ./Core/Src/L293D.o
 .debug_frame   0x000000000000009c       0x34 ./Core/Src/gpio.o
 .debug_frame   0x00000000000000d0       0x6c ./Core/Src/main.o
 .debug_frame   0x000000000000013c       0x38 ./Core/Src/stm32f4xx_hal_msp.o
 .debug_frame   0x0000000000000174      0x104 ./Core/Src/stm32f4xx_it.o
 .debug_frame   0x0000000000000278       0x58 ./Core/Src/system_stm32f4xx.o
 .debug_frame   0x00000000000002d0       0xa8 ./Core/Src/tim.o
 .debug_frame   0x0000000000000378       0x74 ./Core/Src/usart.o
 .debug_frame   0x00000000000003ec      0x374 ./Drivers/STM32F4xx_HAL_Driver/Src/stm32f4xx_hal.o
 .debug_frame   0x0000000000000760      0x498 ./Drivers/STM32F4xx_HAL_Driver/Src/stm32f4xx_hal_cortex.o
 .debug_frame   0x0000000000000bf8      0x14c ./Drivers/STM32F4xx_HAL_Driver/Src/stm32f4xx_hal_gpio.o
 .debug_frame   0x0000000000000d44      0x1ec ./Drivers/STM32F4xx_HAL_Driver/Src/stm32f4xx_hal_rcc.o
 .debug_frame   0x0000000000000f30     0x11bc ./Drivers/STM32F4xx_HAL_Driver/Src/stm32f4xx_hal_tim.o
 .debug_frame   0x00000000000020ec      0x638 ./Drivers/STM32F4xx_HAL_Driver/Src/stm32f4xx_hal_tim_ex.o
 .debug_frame   0x0000000000002724      0x92c ./Drivers/STM32F4xx_HAL_Driver/Src/stm32f4xx_hal_uart.o
 .debug_frame   0x0000000000003050       0x2c c:/st/stm32cubeide_1.8.0/stm32cubeide/plugins/com.st.stm32cube.ide.mcu.externaltools.gnu-tools-for-stm32.9-2020-q2-update.win32_2.0.0.202105311346/tools/bin/../lib/gcc/arm-none-eabi/9.3.1/../../../../arm-none-eabi/lib/thumb/v7e-m+fp/hard\libc_nano.a(lib_a-init.o)
 .debug_frame   0x000000000000307c       0x20 c:/st/stm32cubeide_1.8.0/stm32cubeide/plugins/com.st.stm32cube.ide.mcu.externaltools.gnu-tools-for-stm32.9-2020-q2-update.win32_2.0.0.202105311346/tools/bin/../lib/gcc/arm-none-eabi/9.3.1/../../../../arm-none-eabi/lib/thumb/v7e-m+fp/hard\libc_nano.a(lib_a-memset.o)
 .debug_frame   0x000000000000309c       0x2c c:/st/stm32cubeide_1.8.0/stm32cubeide/plugins/com.st.stm32cube.ide.mcu.externaltools.gnu-tools-for-stm32.9-2020-q2-update.win32_2.0.0.202105311346/tools/bin/../lib/gcc/arm-none-eabi/9.3.1/thumb/v7e-m+fp/hard\libgcc.a(_aeabi_uldivmod.o)
 .debug_frame   0x00000000000030c8       0x34 c:/st/stm32cubeide_1.8.0/stm32cubeide/plugins/com.st.stm32cube.ide.mcu.externaltools.gnu-tools-for-stm32.9-2020-q2-update.win32_2.0.0.202105311346/tools/bin/../lib/gcc/arm-none-eabi/9.3.1/thumb/v7e-m+fp/hard\libgcc.a(_udivmoddi4.o)
